
> freire-web-moderna@0.1.0 build
> next build

Ôû▓ Next.js 16.2.1 (Turbopack)
- Environments: .env.local

  Creating an optimized production build ...
Ô£ô Compiled successfully in 4.1s
  Running TypeScript ...
node.exe : Failed to 
type check.
En línea: 1 Carácter: 1
+ & "C:\Program 
Files\nodejs/node.exe" 
"C:\Program 
Files\nodejs/node_mo ...
+ ~~~~~~~~~~~~~~~~~~~~~~
~~~~~~~~~~~~~~~~~~~~~~~~
~~~~~~~~~~~~~~~~~~~~~~~
    + CategoryInfo      
        : NotSpecified: 
(F    ailed to type 
check.:    String) [], 
RemoteExc    eption
    + 
FullyQualifiedError    
Id : NativeCommandErr   
 or
 

./src/app/sitemap.ts:48:
44
Type error: Expected 0 
arguments, but got 1.

  [90m46 |[0m   
[90m// Dynamic 
property pages[0m
  [90m47 |[0m   
[36mtry[0m {
[31m[1m>[0m [90m48 
|[0m     
[36mconst[0m 
properties = 
[36mawait[0m getProper
ties([35m500[0m);
  [90m   |[0m         
                        
           
[31m[1m^[0m
  [90m49 |[0m     
[36mconst[0m 
propertyPages: [33mMeta
dataRoute[0m.[33mSitem
ap[0m = 
properties.map((prop: 
any) => ({
  [90m50 |[0m       
url: [32m`[0m${baseUrl
[32m}/propiedades/[0m$
{prop.id[32m}`[0m,
  [90m51 |[0m       
lastModified: 
[36mnew[0m [33mDate[
0m(prop.updated_at || 
prop.created_at || 
[33mDate[0m.now()),
Next.js build worker 
exited with code: 1 and 
signal: null
